INFO: Target type is stm32f103ze
Traceback (most recent call last):
  File "LOCAL_PROJECT_REDACTED\.venv-pyocd\Lib\site-packages\pyocd\probe\cmsis_dap_probe.py", line 540, in read_dp
    result = self._link.read_reg(reg_id, now=now)
             ^^^^^^^^^^^^^^^^^^^^^^^^^^^^^^^^^^^^
  File "LOCAL_PROJECT_REDACTED\.venv-pyocd\Lib\site-packages\pyocd\probe\pydapaccess\dap_access_cmsis_dap.py", line 1088, in read_reg
    return read_reg_cb()
           ^^^^^^^^^^^^^
  File "LOCAL_PROJECT_REDACTED\.venv-pyocd\Lib\site-packages\pyocd\probe\pydapaccess\dap_access_cmsis_dap.py", line 1082, in read_reg_cb
    res = transfer.get_result()
          ^^^^^^^^^^^^^^^^^^^^^
  File "LOCAL_PROJECT_REDACTED\.venv-pyocd\Lib\site-packages\pyocd\probe\pydapaccess\dap_access_cmsis_dap.py", line 161, in get_result
    self.daplink.flush()
  File "LOCAL_PROJECT_REDACTED\.venv-pyocd\Lib\site-packages\pyocd\utility\concurrency.py", line 29, in _locking
    return func(self, *args, **kwargs)
           ^^^^^^^^^^^^^^^^^^^^^^^^^^^
  File "LOCAL_PROJECT_REDACTED\.venv-pyocd\Lib\site-packages\pyocd\probe\pydapaccess\dap_access_cmsis_dap.py", line 887, in flush
    self._read_packet()
  File "LOCAL_PROJECT_REDACTED\.venv-pyocd\Lib\site-packages\pyocd\utility\concurrency.py", line 29, in _locking
    return func(self, *args, **kwargs)
           ^^^^^^^^^^^^^^^^^^^^^^^^^^^
  File "LOCAL_PROJECT_REDACTED\.venv-pyocd\Lib\site-packages\pyocd\probe\pydapaccess\dap_access_cmsis_dap.py", line 1168, in _read_packet
    decoded_data = cmd.decode_data(raw_data)
                   ^^^^^^^^^^^^^^^^^^^^^^^^^
  File "LOCAL_PROJECT_REDACTED\.venv-pyocd\Lib\site-packages\pyocd\probe\pydapaccess\dap_access_cmsis_dap.py", line 484, in decode_data
    data = self._decode_transfer_block_data(data)
           ^^^^^^^^^^^^^^^^^^^^^^^^^^^^^^^^^^^^^^
  File "LOCAL_PROJECT_REDACTED\.venv-pyocd\Lib\site-packages\pyocd\probe\pydapaccess\dap_access_cmsis_dap.py", line 453, in _decode_transfer_block_data
    self._check_response(data[3])
  File "LOCAL_PROJECT_REDACTED\.venv-pyocd\Lib\site-packages\pyocd\probe\pydapaccess\dap_access_cmsis_dap.py", line 372, in _check_response
    raise DAPAccessIntf.TransferError("SWD/JTAG communication failure (No ACK); " \
pyocd.probe.pydapaccess.dap_access_api.DAPAccessIntf.TransferError: SWD/JTAG communication failure (No ACK); check USB cable, reduce debugger clock

The above exception was the direct cause of the following exception:

Traceback (most recent call last):
  File "LOCAL_PROJECT_REDACTED\tools\program_led_baseline.py", line 159, in <module>
    main()
  File "LOCAL_PROJECT_REDACTED\tools\program_led_baseline.py", line 86, in main
    with session:
  File "LOCAL_PROJECT_REDACTED\.venv-pyocd\Lib\site-packages\pyocd\core\session.py", line 485, in __enter__
    self.open()
  File "LOCAL_PROJECT_REDACTED\.venv-pyocd\Lib\site-packages\pyocd\core\session.py", line 662, in open
    self._board.init()
  File "LOCAL_PROJECT_REDACTED\.venv-pyocd\Lib\site-packages\pyocd\board\board.py", line 152, in init
    self.target.init()
  File "LOCAL_PROJECT_REDACTED\.venv-pyocd\Lib\site-packages\pyocd\coresight\coresight_target.py", line 127, in init
    super().init()
  File "LOCAL_PROJECT_REDACTED\.venv-pyocd\Lib\site-packages\pyocd\core\soc_target.py", line 174, in init
    seq.invoke()
  File "LOCAL_PROJECT_REDACTED\.venv-pyocd\Lib\site-packages\pyocd\utility\sequencer.py", line 213, in invoke
    resultSequence.invoke()
  File "LOCAL_PROJECT_REDACTED\.venv-pyocd\Lib\site-packages\pyocd\utility\sequencer.py", line 208, in invoke
    resultSequence = call()
                     ^^^^^^
  File "LOCAL_PROJECT_REDACTED\.venv-pyocd\Lib\site-packages\pyocd\coresight\dap.py", line 471, in _connect
    self.dpidr = connector.read_idr()
                 ^^^^^^^^^^^^^^^^^^^^
  File "LOCAL_PROJECT_REDACTED\.venv-pyocd\Lib\site-packages\pyocd\coresight\dap.py", line 286, in read_idr
    dpidr = self._probe.read_dp(DP_IDR, now=True)
            ^^^^^^^^^^^^^^^^^^^^^^^^^^^^^^^^^^^^^
  File "LOCAL_PROJECT_REDACTED\.venv-pyocd\Lib\site-packages\pyocd\probe\cmsis_dap_probe.py", line 543, in read_dp
    raise self._convert_exception(error) from error
pyocd.core.exceptions.TransferError: SWD/JTAG communication failure (No ACK); check USB cable, reduce debugger clock
