********* Start testing of EngineTest *********
Config: Using QtTest library 5.12.8, Qt 5.12.8 (x86_64-little_endian-lp64 shared (dynamic) release build; by GCC 9.3.0)
PASS   : EngineTest::initTestCase()
PASS   : EngineTest::requestEncodingAndSinglePending()
PASS   : EngineTest::responseMatchingAndDuplicates()
PASS   : EngineTest::malformedResponse(short)
PASS   : EngineTest::malformedResponse(long)
PASS   : EngineTest::malformedResponse(version)
PASS   : EngineTest::malformedResponse(unsupported_op)
PASS   : EngineTest::malformedResponse(result)
PASS   : EngineTest::malformedResponse(led)
PASS   : EngineTest::malformedResponse(reserved6)
PASS   : EngineTest::malformedResponse(reserved7)
PASS   : EngineTest::malformedResponse(extended)
PASS   : EngineTest::malformedResponse(fd)
PASS   : EngineTest::malformedResponse(rtr)
PASS   : EngineTest::malformedResponse(error)
PASS   : EngineTest::malformedResponse(brs)
PASS   : EngineTest::malformedResponse(esi)
PASS   : EngineTest::responseErrorsAndLedMismatch()
PASS   : EngineTest::deadlineAndNewSequence()
PASS   : EngineTest::heartbeatFreshnessAndDeadline()
PASS   : EngineTest::heartbeatFlagsAndFields()
PASS   : EngineTest::rolloverIsNotRestart()
PASS   : EngineTest::staleHeartbeatSequenceDoesNotRestart()
PASS   : EngineTest::conservativeRestartAndRecovery()
PASS   : EngineTest::disconnectAndTransportFailure()
PASS   : EngineTest::boundedHistoryAndReports()
PASS   : EngineTest::failedLogIsVisible()
FAIL!  : EngineTest::submissionStopsWhenLoggingFails(log-open-failure-in-pending-callback) Compared values are not the same
   Actual   (submissions): 1
   Expected (0)          : 0
   Loc: [../tests/test_engine.cpp(509)]
FAIL!  : EngineTest::submissionStopsWhenLoggingFails(actual-write-enospc-before-transport) Compared values are not the same
   Actual   (submissions): 1
   Expected (0)          : 0
   Loc: [../tests/test_engine.cpp(509)]
FAIL!  : EngineTest::failedSessionRejectsNewSubmission() '!engine.sendGetStatus()' returned FALSE. ()
   Loc: [../tests/test_engine.cpp(529)]
FAIL!  : EngineTest::submissionCancelledByDisconnect() '!engine.sendGetStatus()' returned FALSE. ()
   Loc: [../tests/test_engine.cpp(546)]
PASS   : EngineTest::noLogSynchronousReplyStillWorks()
PASS   : EngineTest::loggingFailureAfterSubmissionDoesNotUndoTransport()
PASS   : EngineTest::cleanupTestCase()
Totals: 30 passed, 4 failed, 0 skipped, 0 blacklisted, 14ms
********* Finished testing of EngineTest *********
